// Vitest Snapshot v1, https://vitest.dev/guide/snapshot.html

exports[`golden master > a bot battle match plays exactly as before 1`] = `
{
  "attacks": [
    [
      0,
      4,
      50,
      50,
    ],
    [
      1,
      4,
      50,
      50,
    ],
    [
      3,
      7,
      50,
      62.5,
    ],
    [
      0,
      5,
      50,
      50,
    ],
    [
      2,
      4,
      50,
      50,
    ],
    [
      1,
      5,
      50,
      50,
    ],
    [
      0,
      5,
      50,
      50,
    ],
    [
      3,
      2,
      50,
      62.5,
    ],
    [
      1,
      2,
      50,
      50,
    ],
    [
      4,
      5,
      50,
      62.5,
    ],
    [
      0,
      7,
      50,
      50,
    ],
    [
      2,
      4,
      50,
      50,
    ],
    [
      1,
      7,
      50,
      50,
    ],
    [
      6,
      7,
      100,
      100,
    ],
    [
      0,
      7,
      50,
      62.5,
    ],
    [
      3,
      2,
      50,
      50,
    ],
    [
      1,
      2,
      50,
      62.5,
    ],
    [
      5,
      1,
      100,
      100,
    ],
    [
      0,
      2,
      50,
      50,
    ],
    [
      3,
      2,
      50,
      50,
    ],
    [
      0,
      2,
      50,
      50,
    ],
    [
      1,
      2,
      50,
      50,
    ],
    [
      0,
      2,
      50,
      50,
    ],
    [
      0,
      2,
      50,
      62.5,
    ],
    [
      3,
      2,
      50,
      50,
    ],
    [
      1,
      2,
      50,
      50,
    ],
    [
      1,
      0,
      50,
      50,
    ],
    [
      1,
      0,
      50,
      50,
    ],
    [
      0,
      1,
      50,
      50,
    ],
    [
      1,
      0,
      50,
      50,
    ],
    [
      0,
      1,
      50,
      50,
    ],
    [
      0,
      1,
      50,
      50,
    ],
    [
      0,
      1,
      50,
      50,
    ],
    [
      1,
      0,
      50,
      50,
    ],
    [
      1,
      0,
      50,
      50,
    ],
    [
      0,
      1,
      50,
      50,
    ],
  ],
  "badgePoints": [
    2,
    0,
    1,
    0,
    0,
    0,
    0,
    0,
  ],
  "events": {
    "attack": 36,
    "ko": 7,
    "over": 1,
  },
  "koOrder": [
    7,
    4,
    5,
    6,
    3,
    2,
    1,
  ],
  "placements": [
    1,
    2,
    3,
    4,
    7,
    6,
    5,
    8,
  ],
  "scores": [
    28265,
    27117,
    6923,
    6825,
    4006,
    3712,
    3449,
    1418,
  ],
  "steps": 6353,
}
`;

exports[`golden master > solo bot runs, one per power and level, play exactly as before 1`] = `
{
  "ace-blast": {
    "aliensLeft": [
      [
        "lumberer",
        216,
        115,
        12,
      ],
      [
        "darter",
        50,
        424,
        15,
      ],
      [
        "lumberer",
        283,
        205,
        16,
      ],
    ],
    "bestCombo": 48,
    "energyEarned": 1520.565,
    "energySpent": 720,
    "events": {
      "blasted": 12,
      "fired": 76,
      "hit": 3,
      "knockedOut": 1,
      "power": 12,
      "solved": 76,
      "spawned": 116,
    },
    "inputs": 88,
    "kills": 72,
    "lives": 0,
    "score": 38026,
    "steps": 10029,
  },
  "ace-freeze": {
    "aliensLeft": [
      [
        "lumberer",
        91,
        299,
        10,
      ],
      [
        "darter",
        56,
        192,
        7,
      ],
      [
        "swooper",
        496,
        157,
        9,
      ],
    ],
    "bestCombo": 45,
    "energyEarned": 1384.793,
    "energySpent": 787.988,
    "events": {
      "fired": 92,
      "hit": 2,
      "power": 21,
      "solved": 92,
      "spawned": 94,
    },
    "inputs": 113,
    "kills": 86,
    "lives": 1,
    "score": 44455,
    "steps": 10800,
  },
  "ace-shield": {
    "aliensLeft": [
      [
        "darter",
        220,
        424,
        5,
      ],
      [
        "strafer",
        405,
        113,
        2,
      ],
      [
        "drifter",
        49,
        234,
        9,
      ],
      [
        "swooper",
        0,
        138,
        13,
      ],
    ],
    "bestCombo": 45,
    "energyEarned": 1444.864,
    "energySpent": 850,
    "events": {
      "fired": 82,
      "hit": 3,
      "knockedOut": 1,
      "power": 17,
      "shielded": 17,
      "solved": 82,
      "spawned": 101,
    },
    "inputs": 101,
    "kills": 73,
    "lives": 0,
    "score": 39755,
    "steps": 10234,
  },
  "ace-slow": {
    "aliensLeft": [
      [
        "lumberer",
        280,
        117,
        6,
      ],
      [
        "strafer",
        159,
        85,
        8,
      ],
      [
        "darter",
        424,
        24,
        11,
      ],
    ],
    "bestCombo": 40,
    "energyEarned": 1186.821,
    "energySpent": 346.7,
    "events": {
      "fired": 94,
      "hit": 2,
      "power": 16,
      "solved": 94,
      "spawned": 91,
    },
    "inputs": 113,
    "kills": 85,
    "lives": 1,
    "score": 43905,
    "steps": 10800,
  },
  "rookie-blast": {
    "aliensLeft": [
      [
        "swooper",
        67,
        425,
        12,
      ],
      [
        "lumberer",
        411,
        134,
        17,
      ],
    ],
    "bestCombo": 26,
    "energyEarned": 670.65,
    "energySpent": 300,
    "events": {
      "blasted": 5,
      "fired": 42,
      "hit": 3,
      "knockedOut": 1,
      "power": 5,
      "solved": 42,
      "spawned": 54,
    },
    "inputs": 50,
    "kills": 37,
    "lives": 0,
    "score": 11440,
    "steps": 9589,
  },
  "rookie-freeze": {
    "aliensLeft": [
      [
        "swooper",
        438,
        424,
        6,
      ],
      [
        "strafer",
        259,
        43,
        9,
      ],
      [
        "drifter",
        491,
        190,
        8,
      ],
    ],
    "bestCombo": 24,
    "energyEarned": 522.97,
    "energySpent": 306.667,
    "events": {
      "fired": 38,
      "hit": 3,
      "knockedOut": 1,
      "power": 6,
      "solved": 38,
      "spawned": 44,
    },
    "inputs": 48,
    "kills": 37,
    "lives": 0,
    "score": 10069,
    "steps": 8569,
  },
  "rookie-shield": {
    "aliensLeft": [
      [
        "darter",
        298,
        425,
        11,
      ],
      [
        "darter",
        412,
        385,
        3,
      ],
    ],
    "bestCombo": 30,
    "energyEarned": 791.508,
    "energySpent": 600,
    "events": {
      "fired": 49,
      "hit": 3,
      "knockedOut": 1,
      "power": 12,
      "shielded": 12,
      "solved": 49,
      "spawned": 65,
    },
    "inputs": 65,
    "kills": 44,
    "lives": 0,
    "score": 15817,
    "steps": 10455,
  },
  "rookie-slow": {
    "aliensLeft": [
      [
        "lumberer",
        430,
        424,
        9,
      ],
      [
        "drifter",
        414,
        243,
        2,
      ],
      [
        "lumberer",
        235,
        6,
        7,
      ],
    ],
    "bestCombo": 17,
    "energyEarned": 393.688,
    "energySpent": 47.1,
    "events": {
      "fired": 30,
      "hit": 3,
      "knockedOut": 1,
      "power": 5,
      "solved": 30,
      "spawned": 33,
    },
    "inputs": 40,
    "kills": 27,
    "lives": 0,
    "score": 7064,
    "steps": 6565,
  },
}
`;
